[www.fareobuddy.com/index.html]
[backblue.gif]
[fade.gif]
[index.html]
[www.fareobuddy.com/Content/images/fav.png]
[www.fareobuddy.com/bundles/jquerybootstrapcssa019.css]
[www.fareobuddy.com/bundles/mobile-customcss8ab4.css]
[www.fareobuddy.com/Scripts/jquery_org.js]
[www.fareobuddy.com/bundles/jquery81d9.html]
[connect.facebook.net/en_US/fbevents.js]
[www.fareobuddy.com/Content/images/logo.png]
[www.fareobuddy.com/hotel.html]
[www.fareobuddy.com/book-flights/boston-bos.html]
[www.fareobuddy.com/book-flights/dallas-dfw.html]
[www.fareobuddy.com/book-flights/los-angeles-lax.html]
[www.fareobuddy.com/book-flights/san-diego-san.html]
[www.fareobuddy.com/book-flights/paris-par.html]
[www.fareobuddy.com/book-flights/sydney-syd.html]
[www.fareobuddy.com/book-flights/san-jose-sjc.html]
[www.fareobuddy.com/book-flights/cancun-cun.html]
[www.fareobuddy.com/book-flights/london-lon.html]
[www.fareobuddy.com/book-flights/atlanta-atl.html]
[www.fareobuddy.com/flights-reservation/premium-economy-flights.html]
[www.fareobuddy.com/flights-reservation/business-class-flights.html]
[www.fareobuddy.com/flights-reservation/first-class-flights.html]
[www.fareobuddy.com/flights-reservation/last-minute-flights.html]
[www.fareobuddy.com/flights-reservation/senior-flights.html]
[www.fareobuddy.com/flights-reservation/student-flights.html]
[www.fareobuddy.com/flights-reservation/military-flights.html]
[www.fareobuddy.com/flights-reservation/international-flights.html]
[www.fareobuddy.com/flights-reservation/one-way-flights.html]
[www.fareobuddy.com/flights-reservation/lgbt-flights.html]
[www.fareobuddy.com/about-us.html]
[www.fareobuddy.com/faqs.html]
[www.fareobuddy.com/disclaimer.html]
[www.fareobuddy.com/contact-us.html]
[www.fareobuddy.com/baggage-policy.html]
[www.fareobuddy.com/traveladvisory.html]
[www.fareobuddy.com/sitemap.html]
[www.fareobuddy.com/terms-and-conditions.html]
[www.fareobuddy.com/privacy-policy.html]
[www.fareobuddy.com/price-match-policy.html]
[www.fareobuddy.com/taxes-and-fee.html]
[www.fareobuddy.com/post-ticketing-fees.html]
[www.fareobuddy.com/cookies.html]
[www.fareobuddy.com/Content/images/USD.jpg]
[www.fareobuddy.com/Content/images/dlr.png]
[www.fareobuddy.com/Content/images/CAD.jpg]
[www.fareobuddy.com/Content/images/cdlr.png]
[www.fareobuddy.com/Content/images/roundtrip-flightIcon.png]
[www.fareobuddy.com/Content/images/cal-icon.png]
[www.fareobuddy.com/Content/images/passager-icon.png]
[www.fareobuddy.com/Content/images/btm-arrow.png]
[www.fareobuddy.com/unaccompanied-minor.html]
[www.fareobuddy.com/bundles/mobilecalender9ac9.html]
[www.fareobuddy.com/Content/images/c-logo1.png]
[www.fareobuddy.com/Content/images/c-logo2.png]
[www.fareobuddy.com/Content/images/c-logo4.png]
[www.fareobuddy.com/Content/images/c-logo3.png]
[www.fareobuddy.com/Content/images/callAbook.png]
[www.fareobuddy.com/Content/images/unbeatableOffer.png]
[www.fareobuddy.com/Content/images/secureTravel.png]
[www.fareobuddy.com/Content/images/dealTrust.png]
[www.fareobuddy.com/Content/images/TopDestination/Mobile/las-vegas.jpg]
[www.fareobuddy.com/Content/images/TopDestination/Mobile/fort-lauderdale.jpg]
[www.fareobuddy.com/Content/images/TopDestination/Mobile/los-angeles.jpg]
[www.fareobuddy.com/Content/images/TopDestination/Mobile/phoenix.jpg]
[www.fareobuddy.com/Content/images/TopDestination/Mobile/atlanta.jpg]
[www.fareobuddy.com/Content/images/TopDestination/Mobile/miami.jpg]
[www.fareobuddy.com/Content/images/travel-theme-1.jpg]
[www.fareobuddy.com/Search/AirSearch/index.html]
[www.fareobuddy.com/Content/images/travel-theme-2.jpg]
[www.fareobuddy.com/Content/images/travel-theme-3.jpg]
[www.fareobuddy.com/Content/images/travel-theme-4.jpg]
[widget.trustpilot.com/bootstrap/v5/tp.widget.bootstrap.min.js]
[www.fareobuddy.com/Content/images/callImgGirl.png]
[www.fareobuddy.com/Content/images/m.card-icon.png]
[www.fareobuddy.com/bundles/customMobilejsa803.html]
[www.fareobuddy.com/index.html]
[www.googletagmanager.com/gtm5445.html]
[fonts.googleapis.com/css2f15f.css]
[www.fareobuddy.com/bundles/jquerybootstrapcssa019.css]
[www.fareobuddy.com/bundles/mobile-customcss8ab4.css]
[connect.facebook.net/en_US/fbevents.js]
[www.facebook.com/trb5b3.html]
[www.fareobuddy.com/hotel.html]
[www.fareobuddy.com/Content/css/m.destination-and-airline68be.css]
[www.fareobuddy.com/Content/css/m.destinationSearchWidget68be.css]
[www.fareobuddy.com/Content/images/right-plan.png]
[www.fareobuddy.com/Content/images/CallIcon.png]
[www.fareobuddy.com/Content/images/popIcon1.png]
[www.fareobuddy.com/Content/images/popIcon2.png]
[www.fareobuddy.com/Content/images/popIcon3.png]
[www.fareobuddy.com/Content/images/popIcon4.png]
[www.fareobuddy.com/Content/images/popIcon5.png]
[www.fareobuddy.com/book-flights/boston-bos.html]
[www.fareobuddy.com/book-flights/dallas-dfw.html]
[www.fareobuddy.com/book-flights/los-angeles-lax.html]
[www.fareobuddy.com/book-flights/san-diego-san.html]
[www.fareobuddy.com/book-flights/paris-par.html]
[www.fareobuddy.com/book-flights/sydney-syd.html]
[www.fareobuddy.com/book-flights/san-jose-sjc.html]
[www.fareobuddy.com/book-flights/cancun-cun.html]
[www.fareobuddy.com/book-flights/london-lon.html]
[www.fareobuddy.com/book-flights/atlanta-atl.html]
[www.fareobuddy.com/flights-reservation/premium-economy-flights.html]
[www.fareobuddy.com/flights-reservation/business-class-flights.html]
[www.fareobuddy.com/flights-reservation/first-class-flights.html]
[www.fareobuddy.com/flights-reservation/last-minute-flights.html]
[www.fareobuddy.com/flights-reservation/senior-flights.html]
[www.fareobuddy.com/flights-reservation/student-flights.html]
[www.fareobuddy.com/flights-reservation/military-flights.html]
[www.fareobuddy.com/flights-reservation/international-flights.html]
[www.fareobuddy.com/flights-reservation/one-way-flights.html]
[www.fareobuddy.com/flights-reservation/lgbt-flights.html]
[www.fareobuddy.com/about-us.html]
[www.fareobuddy.com/faqs.html]
[www.fareobuddy.com/disclaimer.html]
[www.fareobuddy.com/Content/css/m.contact68be.css]
[www.fareobuddy.com/contact-us.html]
[www.fareobuddy.com/Content/css/listnav.css]
[www.fareobuddy.com/Content/images/AirlinesLogo/AN.png]
[www.fareobuddy.com/Content/images/AirlinesLogo/A3.png]
[www.fareobuddy.com/Content/images/AirlinesLogo/EI.png]
[www.fareobuddy.com/Content/images/AirlinesLogo/SU.png]
[www.fareobuddy.com/Content/images/AirlinesLogo/AR.png]
[www.fareobuddy.com/Content/images/AirlinesLogo/ES.png]
[www.fareobuddy.com/Content/images/AirlinesLogo/S0.png]
[www.fareobuddy.com/Content/images/AirlinesLogo/VW.png]
[www.fareobuddy.com/Content/images/AirlinesLogo/AM.png]
[www.fareobuddy.com/Content/images/AirlinesLogo/AW.png]
[www.fareobuddy.com/Content/images/AirlinesLogo/8U.png]
[www.fareobuddy.com/Content/images/AirlinesLogo/AH.png]
[www.fareobuddy.com/Content/images/AirlinesLogo/G9.png]
[www.fareobuddy.com/Content/images/AirlinesLogo/3O.png]
[www.fareobuddy.com/Content/images/AirlinesLogo/KC.png]
[www.fareobuddy.com/Content/images/AirlinesLogo/UU.png]
[www.fareobuddy.com/Content/images/AirlinesLogo/BT.png]
[www.fareobuddy.com/Content/images/AirlinesLogo/KF.png]
[www.fareobuddy.com/Content/images/AirlinesLogo/BP.png]
[www.fareobuddy.com/Content/images/AirlinesLogo/2J.png]
[www.fareobuddy.com/Content/images/AirlinesLogo/AC.png]
[www.fareobuddy.com/Content/images/AirlinesLogo/TX.png]
[www.fareobuddy.com/Content/images/AirlinesLogo/9H.png]
[www.fareobuddy.com/Content/images/AirlinesLogo/3C.png]
[www.fareobuddy.com/Content/images/AirlinesLogo/CA.png]
[www.fareobuddy.com/Content/images/AirlinesLogo/3E.png]
[www.fareobuddy.com/Content/images/AirlinesLogo/XK.png]
[www.fareobuddy.com/Content/images/AirlinesLogo/HF.png]
[www.fareobuddy.com/Content/images/AirlinesLogo/HD.png]
[www.fareobuddy.com/Content/images/AirlinesLogo/EN.png]
[www.fareobuddy.com/Content/images/AirlinesLogo/UX.png]
[www.fareobuddy.com/Content/images/AirlinesLogo/F4.png]
[www.fareobuddy.com/Content/images/AirlinesLogo/AF.png]
[www.fareobuddy.com/Content/images/AirlinesLogo/A5.png]
[www.fareobuddy.com/Content/images/AirlinesLogo/GL.png]
[www.fareobuddy.com/Content/images/AirlinesLogo/GT.png]
[www.fareobuddy.com/Content/images/AirlinesLogo/NY.png]
[www.fareobuddy.com/Content/images/AirlinesLogo/AI.png]
[www.fareobuddy.com/Content/images/AirlinesLogo/IX.png]
[www.fareobuddy.com/Content/images/AirlinesLogo/3H.png]
[www.fareobuddy.com/Content/images/AirlinesLogo/K7.png]
[www.fareobuddy.com/Content/images/AirlinesLogo/JS.png]
[www.fareobuddy.com/Content/images/AirlinesLogo/FL.png]
[www.fareobuddy.com/Content/images/AirlinesLogo/NX.png]
[www.fareobuddy.com/Content/images/AirlinesLogo/KM.png]
[www.fareobuddy.com/Content/images/AirlinesLogo/ZM.png]
[www.fareobuddy.com/Content/images/AirlinesLogo/MK.png]
[www.fareobuddy.com/Content/images/AirlinesLogo/MV.png]
[www.fareobuddy.com/Content/images/AirlinesLogo/9U.png]
[www.fareobuddy.com/Content/images/AirlinesLogo/NZ.png]
[www.fareobuddy.com/Content/images/AirlinesLogo/PX.png]
[www.fareobuddy.com/Content/images/AirlinesLogo/4N.png]
[www.fareobuddy.com/Content/images/AirlinesLogo/YW.png]
[www.fareobuddy.com/Content/images/AirlinesLogo/P4.png]
[www.fareobuddy.com/Content/images/AirlinesLogo/GZ.png]
[www.fareobuddy.com/Content/images/AirlinesLogo/PJ.png]
[www.fareobuddy.com/Content/images/AirlinesLogo/RS.png]
[www.fareobuddy.com/Content/images/AirlinesLogo/JU.png]
[www.fareobuddy.com/Content/images/AirlinesLogo/HM.png]
[www.fareobuddy.com/Content/images/AirlinesLogo/VT.png]
[www.fareobuddy.com/Content/images/AirlinesLogo/TN.png]
[www.fareobuddy.com/Content/images/AirlinesLogo/TC.png]
[www.fareobuddy.com/Content/images/AirlinesLogo/TS.png]
[www.fareobuddy.com/Content/images/AirlinesLogo/NF.png]
[www.fareobuddy.com/Content/images/AirlinesLogo/UM.png]
[www.fareobuddy.com/Content/images/AirlinesLogo/AK.png]
[www.fareobuddy.com/Content/images/AirlinesLogo/QZ.png]
[www.fareobuddy.com/Content/images/AirlinesLogo/I5.png]
[www.fareobuddy.com/Content/images/AirlinesLogo/D7.png]
[www.fareobuddy.com/Content/images/AirlinesLogo/PA.png]
[www.fareobuddy.com/Content/images/AirlinesLogo/SB.png]
[www.fareobuddy.com/Content/images/AirlinesLogo/ED.png]
[www.fareobuddy.com/Content/images/AirlinesLogo/P2.png]
[www.fareobuddy.com/Content/images/AirlinesLogo/CG.png]
[www.fareobuddy.com/Content/images/AirlinesLogo/4Z.png]
[www.fareobuddy.com/Content/images/AirlinesLogo/TL.png]
[www.fareobuddy.com/Content/images/AirlinesLogo/6L.png]
[www.fareobuddy.com/Content/images/AirlinesLogo/AS.png]
[www.fareobuddy.com/Content/images/AirlinesLogo/AP.png]
[www.fareobuddy.com/Content/images/AirlinesLogo/2B.png]
[www.fareobuddy.com/Content/images/AirlinesLogo/NH.png]
[www.fareobuddy.com/Content/images/AirlinesLogo/G4.png]
[www.fareobuddy.com/Content/images/AirlinesLogo/6R.png]
[www.fareobuddy.com/Content/images/AirlinesLogo/MZ.png]
[www.fareobuddy.com/Content/images/AirlinesLogo/Z8.png]
[www.fareobuddy.com/Content/images/AirlinesLogo/NL.png]
[www.fareobuddy.com/Content/images/AirlinesLogo/AA.png]
[www.fareobuddy.com/Content/images/AirlinesLogo/EH.png]
[www.fareobuddy.com/Content/images/AirlinesLogo/2G.png]
[www.fareobuddy.com/Content/images/AirlinesLogo/GP.png]
[www.fareobuddy.com/Content/images/AirlinesLogo/FG.png]
[www.fareobuddy.com/Content/images/AirlinesLogo/IZ.png]
[www.fareobuddy.com/Content/images/AirlinesLogo/OZ.png]
[www.fareobuddy.com/Content/images/AirlinesLogo/KP.png]
[www.fareobuddy.com/Content/images/AirlinesLogo/5O.png]
[www.fareobuddy.com/Content/images/AirlinesLogo/RC.png]
[www.fareobuddy.com/Content/images/AirlinesLogo/GR.png]
[www.fareobuddy.com/Content/images/AirlinesLogo/HZ.png]
[www.fareobuddy.com/Content/images/AirlinesLogo/OS.png]
[www.fareobuddy.com/Content/images/AirlinesLogo/XP.png]
[www.fareobuddy.com/Content/images/AirlinesLogo/YK.png]
[www.fareobuddy.com/Content/images/AirlinesLogo/AV.png]
[www.fareobuddy.com/Content/images/AirlinesLogo/LR.png]
[www.fareobuddy.com/Content/images/AirlinesLogo/2K.png]
[www.fareobuddy.com/Content/images/AirlinesLogo/WC.png]
[www.fareobuddy.com/Content/images/AirlinesLogo/GU.png]
[www.fareobuddy.com/Content/images/AirlinesLogo/9V.png]
[www.fareobuddy.com/Content/images/AirlinesLogo/J2.png]
[www.fareobuddy.com/Content/images/AirlinesLogo/S4.png]
[www.fareobuddy.com/Content/images/AirlinesLogo/AD.png]
[www.fareobuddy.com/Content/images/AirlinesLogo/UP.png]
[www.fareobuddy.com/Content/images/AirlinesLogo/QH.png]
[www.fareobuddy.com/Content/images/AirlinesLogo/PG.png]
[www.fareobuddy.com/Content/images/AirlinesLogo/ID.png]
[www.fareobuddy.com/Content/images/AirlinesLogo/JD.png]
[www.fareobuddy.com/Content/images/AirlinesLogo/B2.png]
[www.fareobuddy.com/Content/images/AirlinesLogo/8E.png]
[www.fareobuddy.com/Content/images/AirlinesLogo/3B.png]
[www.fareobuddy.com/Content/images/AirlinesLogo/8H.png]
[www.fareobuddy.com/Content/images/AirlinesLogo/B3.png]
[www.fareobuddy.com/Content/images/AirlinesLogo/BG.png]
[www.fareobuddy.com/Content/images/AirlinesLogo/NT.png]
[www.fareobuddy.com/Content/images/AirlinesLogo/0B.png]
[www.fareobuddy.com/Content/images/AirlinesLogo/SI.png]
[www.fareobuddy.com/Content/images/AirlinesLogo/BV.png]
[www.fareobuddy.com/Content/images/AirlinesLogo/BZ.png]
[www.fareobuddy.com/Content/images/AirlinesLogo/OB.png]
[www.fareobuddy.com/Content/images/AirlinesLogo/4B.png]
[www.fareobuddy.com/Content/images/AirlinesLogo/DC.png]
[www.fareobuddy.com/Content/images/AirlinesLogo/BA.png]
[www.fareobuddy.com/Content/images/AirlinesLogo/SN.png]
[www.fareobuddy.com/Content/images/AirlinesLogo/U4.png]
[www.fareobuddy.com/Content/images/AirlinesLogo/FB.png]
[www.fareobuddy.com/Content/images/AirlinesLogo/VR.png]
[www.fareobuddy.com/Content/images/AirlinesLogo/MO.png]
[www.fareobuddy.com/Content/images/AirlinesLogo/KR.png]
[www.fareobuddy.com/Content/images/AirlinesLogo/K6.png]
[www.fareobuddy.com/Content/images/AirlinesLogo/5T.png]
[www.fareobuddy.com/Content/images/AirlinesLogo/PM.png]
[www.fareobuddy.com/Content/images/AirlinesLogo/9K.png]
[www.fareobuddy.com/Content/images/AirlinesLogo/BW.png]
[www.fareobuddy.com/Content/images/AirlinesLogo/V3.png]
[www.fareobuddy.com/Content/images/AirlinesLogo/CX.png]
[www.fareobuddy.com/Content/images/AirlinesLogo/KX.png]
[www.fareobuddy.com/Content/images/AirlinesLogo/5J.png]
[www.fareobuddy.com/Content/images/AirlinesLogo/5Z.png]
[www.fareobuddy.com/Content/images/AirlinesLogo/9M.png]
[www.fareobuddy.com/Content/images/AirlinesLogo/6Q.png]
[www.fareobuddy.com/Content/images/AirlinesLogo/CI.png]
[www.fareobuddy.com/Content/images/AirlinesLogo/MU.png]
[www.fareobuddy.com/Content/images/AirlinesLogo/G5.png]
[www.fareobuddy.com/Content/images/AirlinesLogo/CZ.png]
[www.fareobuddy.com/Content/images/AirlinesLogo/OQ.png]
[www.fareobuddy.com/Content/images/AirlinesLogo/C7.png]
[www.fareobuddy.com/Content/images/AirlinesLogo/QG.png]
[www.fareobuddy.com/Content/images/AirlinesLogo/CC.png]
[www.fareobuddy.com/Content/images/AirlinesLogo/DE.png]
[www.fareobuddy.com/Content/images/AirlinesLogo/LF.png]
[www.fareobuddy.com/Content/images/AirlinesLogo/V0.png]
[www.fareobuddy.com/Content/images/AirlinesLogo/CM.png]
[www.fareobuddy.com/Content/images/AirlinesLogo/XC.png]
[www.fareobuddy.com/Content/images/AirlinesLogo/CD.png]
[www.fareobuddy.com/Content/images/AirlinesLogo/SS.png]
[www.fareobuddy.com/Content/images/AirlinesLogo/OU.png]
[www.fareobuddy.com/Content/images/AirlinesLogo/CY.png]
[www.fareobuddy.com/Content/images/AirlinesLogo/OK.png]
[www.fareobuddy.com/Content/images/AirlinesLogo/D3.png]
[www.fareobuddy.com/Content/images/AirlinesLogo/9J.png]
[www.fareobuddy.com/Content/images/AirlinesLogo/DX.png]
[www.fareobuddy.com/Content/images/AirlinesLogo/DL.png]
[www.fareobuddy.com/Content/images/AirlinesLogo/KB.png]
[www.fareobuddy.com/Content/images/AirlinesLogo/2D.png]
[www.fareobuddy.com/Content/images/AirlinesLogo/T3.png]
[www.fareobuddy.com/Content/images/AirlinesLogo/VE.png]
[www.fareobuddy.com/Content/images/AirlinesLogo/U2.png]
[www.fareobuddy.com/Content/images/AirlinesLogo/DS.png]
[www.fareobuddy.com/Content/images/AirlinesLogo/WK.png]
[www.fareobuddy.com/Content/images/AirlinesLogo/MS.png]
[www.fareobuddy.com/Content/images/AirlinesLogo/LY.png]
[www.fareobuddy.com/Content/images/AirlinesLogo/7Q.png]
[www.fareobuddy.com/Content/images/AirlinesLogo/EL.png]
[www.fareobuddy.com/Content/images/AirlinesLogo/EK.png]
[www.fareobuddy.com/Content/images/AirlinesLogo/ET.png]
[www.fareobuddy.com/Content/images/AirlinesLogo/EY.png]
[www.fareobuddy.com/Content/images/AirlinesLogo/YU.png]
[www.fareobuddy.com/Content/images/AirlinesLogo/EW.png]
[www.fareobuddy.com/Content/images/AirlinesLogo/BR.png]
[www.fareobuddy.com/Content/images/AirlinesLogo/5V.png]
[www.fareobuddy.com/Content/images/AirlinesLogo/FN.png]
[www.fareobuddy.com/Content/images/AirlinesLogo/7V.png]
[www.fareobuddy.com/Content/images/AirlinesLogo/FO.png]
[www.fareobuddy.com/Content/images/AirlinesLogo/FJ.png]
[www.fareobuddy.com/Content/images/AirlinesLogo/AY.png]
[www.fareobuddy.com/Content/images/AirlinesLogo/FY.png]
[www.fareobuddy.com/Content/images/AirlinesLogo/F8.png]
[www.fareobuddy.com/Content/images/AirlinesLogo/W2.png]
[www.fareobuddy.com/Content/images/AirlinesLogo/4V.png]
[www.fareobuddy.com/Content/images/AirlinesLogo/5H.png]
[www.fareobuddy.com/Content/images/AirlinesLogo/F3.png]
[www.fareobuddy.com/Content/images/AirlinesLogo/FZ.png]
[www.fareobuddy.com/Content/images/AirlinesLogo/5M.png]
[www.fareobuddy.com/Content/images/AirlinesLogo/XY.png]
[www.fareobuddy.com/Content/images/AirlinesLogo/5F.png]
[www.fareobuddy.com/Content/images/AirlinesLogo/FP.png]
[www.fareobuddy.com/Content/images/AirlinesLogo/FA.png]
[www.fareobuddy.com/Content/images/AirlinesLogo/BF.png]
[www.fareobuddy.com/Content/images/AirlinesLogo/F9.png]
[www.fareobuddy.com/Content/images/AirlinesLogo/JH.png]
[www.fareobuddy.com/Content/images/AirlinesLogo/FU.png]
[www.fareobuddy.com/Content/images/AirlinesLogo/GA.png]
[www.fareobuddy.com/Content/images/AirlinesLogo/A9.png]
[www.fareobuddy.com/Content/images/AirlinesLogo/G8.png]
[www.fareobuddy.com/Content/images/AirlinesLogo/G3.png]
[www.fareobuddy.com/Content/images/AirlinesLogo/Y5.png]
[www.fareobuddy.com/Content/images/AirlinesLogo/Q9.png]
[www.fareobuddy.com/Content/images/AirlinesLogo/GF.png]
[www.fareobuddy.com/Content/images/AirlinesLogo/GX.png]
[www.fareobuddy.com/Content/images/AirlinesLogo/H1.png]
[www.fareobuddy.com/Content/images/AirlinesLogo/HU.png]
[www.fareobuddy.com/Content/images/AirlinesLogo/YB.png]
[www.fareobuddy.com/Content/images/AirlinesLogo/HA.png]
[www.fareobuddy.com/Content/images/AirlinesLogo/NS.png]
[www.fareobuddy.com/Content/images/AirlinesLogo/YO.png]
[www.fareobuddy.com/Content/images/AirlinesLogo/2L.png]
[www.fareobuddy.com/Content/images/AirlinesLogo/H9.png]
[www.fareobuddy.com/Content/images/AirlinesLogo/HX.png]
[www.fareobuddy.com/Content/images/AirlinesLogo/UO.png]
[www.fareobuddy.com/Content/images/AirlinesLogo/MR.png]
[www.fareobuddy.com/Content/images/AirlinesLogo/IB.png]
[www.fareobuddy.com/Content/images/AirlinesLogo/I2.png]
[www.fareobuddy.com/Content/images/AirlinesLogo/E9.png]
[www.fareobuddy.com/Content/images/AirlinesLogo/FW.png]
[www.fareobuddy.com/Content/images/AirlinesLogo/FI.png]
[www.fareobuddy.com/Content/images/AirlinesLogo/6E.png]
[www.fareobuddy.com/Content/images/AirlinesLogo/JY.png]
[www.fareobuddy.com/Content/images/AirlinesLogo/IR.png]
[www.fareobuddy.com/Content/images/AirlinesLogo/AZ.png]
[www.fareobuddy.com/Content/images/AirlinesLogo/CT.png]
[www.fareobuddy.com/Content/images/AirlinesLogo/I8.png]
[www.fareobuddy.com/Content/images/AirlinesLogo/JC.png]
[www.fareobuddy.com/Content/images/AirlinesLogo/JL.png]
[www.fareobuddy.com/Content/images/AirlinesLogo/NU.png]
[www.fareobuddy.com/Content/images/AirlinesLogo/J9.png]
[www.fareobuddy.com/Content/images/AirlinesLogo/QD.png]
[www.fareobuddy.com/Content/images/AirlinesLogo/7C.png]
[www.fareobuddy.com/Content/images/AirlinesLogo/LS.png]
[www.fareobuddy.com/Content/images/AirlinesLogo/B6.png]
[www.fareobuddy.com/Content/images/AirlinesLogo/JQ.png]
[www.fareobuddy.com/Content/images/AirlinesLogo/3K.png]
[www.fareobuddy.com/Content/images/AirlinesLogo/GK.png]
[www.fareobuddy.com/Content/images/AirlinesLogo/RY.png]
[www.fareobuddy.com/Content/images/AirlinesLogo/LJ.png]
[www.fareobuddy.com/Content/images/AirlinesLogo/R5.png]
[www.fareobuddy.com/Content/images/AirlinesLogo/HO.png]
[www.fareobuddy.com/Content/images/AirlinesLogo/RQ.png]
[www.fareobuddy.com/Content/images/AirlinesLogo/M5.png]
[www.fareobuddy.com/Content/images/AirlinesLogo/KQ.png]
[www.fareobuddy.com/Content/images/AirlinesLogo/KL.png]
[www.fareobuddy.com/Content/images/AirlinesLogo/WA.png]
[www.fareobuddy.com/Content/images/AirlinesLogo/KO.png]
[www.fareobuddy.com/Content/images/AirlinesLogo/KE.png]
[www.fareobuddy.com/Content/images/AirlinesLogo/KY.png]
[www.fareobuddy.com/Content/images/AirlinesLogo/KU.png]
[www.fareobuddy.com/Content/images/AirlinesLogo/B0.png]
[www.fareobuddy.com/Content/images/AirlinesLogo/TM.png]
[www.fareobuddy.com/Content/images/AirlinesLogo/LA.png]
[www.fareobuddy.com/Content/images/AirlinesLogo/LQ.png]
[www.fareobuddy.com/Content/images/AirlinesLogo/QV.png]
[www.fareobuddy.com/Content/images/AirlinesLogo/4C.png]
[www.fareobuddy.com/Content/images/AirlinesLogo/XL.png]
[www.fareobuddy.com/Content/images/AirlinesLogo/LU.png]
[www.fareobuddy.com/Content/images/AirlinesLogo/PZ.png]
[www.fareobuddy.com/Content/images/AirlinesLogo/LP.png]
[www.fareobuddy.com/Content/images/AirlinesLogo/YL.png]
[www.fareobuddy.com/Content/images/AirlinesLogo/GE.png]
[www.fareobuddy.com/Content/images/AirlinesLogo/FC.png]
[www.fareobuddy.com/Content/images/AirlinesLogo/JT.png]
[www.fareobuddy.com/Content/images/AirlinesLogo/LM.png]
[www.fareobuddy.com/Content/images/AirlinesLogo/LO.png]
[www.fareobuddy.com/Content/images/AirlinesLogo/8L.png]
[www.fareobuddy.com/Content/images/AirlinesLogo/LH.png]
[www.fareobuddy.com/Content/images/AirlinesLogo/CL.png]
[www.fareobuddy.com/Content/images/AirlinesLogo/LG.png]
[www.fareobuddy.com/Content/images/AirlinesLogo/W5.png]
[www.fareobuddy.com/Content/images/AirlinesLogo/3W.png]
[www.fareobuddy.com/Content/images/AirlinesLogo/MH.png]
[www.fareobuddy.com/Content/images/AirlinesLogo/Q2.png]
[www.fareobuddy.com/Content/images/AirlinesLogo/OD.png]
[www.fareobuddy.com/Content/images/AirlinesLogo/AE.png]
[www.fareobuddy.com/Content/images/AirlinesLogo/JE.png]
[www.fareobuddy.com/Content/images/AirlinesLogo/7Y.png]
[www.fareobuddy.com/Content/images/AirlinesLogo/NR.png]
[www.fareobuddy.com/Content/images/AirlinesLogo/MY.png]
[www.fareobuddy.com/Content/images/AirlinesLogo/L6.png]
[www.fareobuddy.com/Content/images/AirlinesLogo/VM.png]
[www.fareobuddy.com/Content/images/AirlinesLogo/2M.png]
[www.fareobuddy.com/Content/images/AirlinesLogo/OM.png]
[www.fareobuddy.com/Content/images/AirlinesLogo/ME.png]
[www.fareobuddy.com/Content/images/AirlinesLogo/M9.png]
[www.fareobuddy.com/Content/images/AirlinesLogo/8M.png]
[www.fareobuddy.com/Content/images/AirlinesLogo/UB.png]
[www.fareobuddy.com/Content/images/AirlinesLogo/MJ.png]
[www.fareobuddy.com/Content/images/AirlinesLogo/IN.png]
[www.fareobuddy.com/Content/images/AirlinesLogo/N8.png]
[www.fareobuddy.com/Content/images/AirlinesLogo/ON.png]
[www.fareobuddy.com/Content/images/AirlinesLogo/NO.png]
[www.fareobuddy.com/Content/images/AirlinesLogo/RA.png]
[www.fareobuddy.com/Content/images/AirlinesLogo/NA.png]
[www.fareobuddy.com/Content/images/AirlinesLogo/NP.png]
[www.fareobuddy.com/Content/images/AirlinesLogo/DD.png]
[www.fareobuddy.com/Content/images/AirlinesLogo/Y7.png]
[www.fareobuddy.com/Content/images/AirlinesLogo/J3.png]
[www.fareobuddy.com/Content/images/AirlinesLogo/D8.png]
[www.fareobuddy.com/Content/images/AirlinesLogo/DN.png]
[www.fareobuddy.com/Content/images/AirlinesLogo/DH.png]
[www.fareobuddy.com/Content/images/AirlinesLogo/DY.png]
[www.fareobuddy.com/Content/images/AirlinesLogo/LE.png]
[www.fareobuddy.com/Content/images/AirlinesLogo/BJ.png]
[www.fareobuddy.com/Content/images/AirlinesLogo/VQ.png]
[www.fareobuddy.com/Content/images/AirlinesLogo/BK.png]
[www.fareobuddy.com/Content/images/AirlinesLogo/OA.png]
[www.fareobuddy.com/Content/images/AirlinesLogo/WY.png]
[www.fareobuddy.com/Content/images/AirlinesLogo/8Q.png]
[www.fareobuddy.com/Content/images/AirlinesLogo/BL.png]
[www.fareobuddy.com/Content/images/AirlinesLogo/8P.png]
[www.fareobuddy.com/Content/images/AirlinesLogo/PK.png]
[www.fareobuddy.com/Content/images/AirlinesLogo/PB.png]
[www.fareobuddy.com/Content/images/AirlinesLogo/2P.png]
[www.fareobuddy.com/Content/images/AirlinesLogo/ZP.png]
[www.fareobuddy.com/Content/images/AirlinesLogo/MM.png]
[www.fareobuddy.com/Content/images/AirlinesLogo/PC.png]
[www.fareobuddy.com/Content/images/AirlinesLogo/PE.png]
[www.fareobuddy.com/Content/images/AirlinesLogo/JV.png]
[www.fareobuddy.com/Content/images/AirlinesLogo/PR.png]
[www.fareobuddy.com/Content/images/AirlinesLogo/Z2.png]
[www.fareobuddy.com/Content/images/AirlinesLogo/PU.png]
[www.fareobuddy.com/Content/images/AirlinesLogo/DP.png]
[www.fareobuddy.com/Content/images/AirlinesLogo/PD.png]
[www.fareobuddy.com/Content/images/AirlinesLogo/NI.png]
[www.fareobuddy.com/Content/images/AirlinesLogo/PW.png]
[www.fareobuddy.com/Content/images/AirlinesLogo/P0.png]
[www.fareobuddy.com/Content/images/AirlinesLogo/QF.png]
[www.fareobuddy.com/Content/images/AirlinesLogo/QR.png]
[www.fareobuddy.com/Content/images/AirlinesLogo/WZ.png]
[www.fareobuddy.com/Content/images/AirlinesLogo/RX.png]
[www.fareobuddy.com/Content/images/AirlinesLogo/8N.png]
[www.fareobuddy.com/Content/images/AirlinesLogo/ZL.png]
[www.fareobuddy.com/Content/images/AirlinesLogo/FV.png]
[www.fareobuddy.com/Content/images/AirlinesLogo/AT.png]
[www.fareobuddy.com/Content/images/AirlinesLogo/BI.png]
[www.fareobuddy.com/Content/images/AirlinesLogo/RJ.png]
[www.fareobuddy.com/Content/images/AirlinesLogo/7R.png]
[www.fareobuddy.com/Content/images/AirlinesLogo/5R.png]
[www.fareobuddy.com/Content/images/AirlinesLogo/WB.png]
[www.fareobuddy.com/Content/images/AirlinesLogo/FR.png]
[www.fareobuddy.com/Content/images/AirlinesLogo/S7.png]
[www.fareobuddy.com/Content/images/AirlinesLogo/OV.png]
[www.fareobuddy.com/Content/images/AirlinesLogo/OL.png]
[www.fareobuddy.com/Content/images/AirlinesLogo/RZ.png]
[www.fareobuddy.com/Content/images/AirlinesLogo/SP.png]
[www.fareobuddy.com/Content/images/AirlinesLogo/9R.png]
[www.fareobuddy.com/Content/images/AirlinesLogo/SV.png]
[www.fareobuddy.com/Content/images/AirlinesLogo/6S.png]
[www.fareobuddy.com/Content/images/AirlinesLogo/SK.png]
[www.fareobuddy.com/Content/images/AirlinesLogo/DV.png]
[www.fareobuddy.com/Content/images/AirlinesLogo/TZ.png]
[www.fareobuddy.com/Content/images/AirlinesLogo/BB.png]
[www.fareobuddy.com/Content/images/AirlinesLogo/ER.png]
[www.fareobuddy.com/Content/images/AirlinesLogo/D2.png]
[www.fareobuddy.com/Content/images/AirlinesLogo/SC.png]
[www.fareobuddy.com/Content/images/AirlinesLogo/FM.png]
[www.fareobuddy.com/Content/images/AirlinesLogo/ZH.png]
[www.fareobuddy.com/Content/images/AirlinesLogo/N9.png]
[www.fareobuddy.com/Content/images/AirlinesLogo/MI.png]
[www.fareobuddy.com/Content/images/AirlinesLogo/3M.png]
[www.fareobuddy.com/Content/images/AirlinesLogo/SQ.png]
[www.fareobuddy.com/Content/images/AirlinesLogo/H2.png]
[www.fareobuddy.com/Content/images/AirlinesLogo/ZA.png]
[www.fareobuddy.com/Content/images/AirlinesLogo/GQ.png]
[www.fareobuddy.com/Content/images/AirlinesLogo/BC.png]
[www.fareobuddy.com/Content/images/AirlinesLogo/5N.png]
[www.fareobuddy.com/Content/images/AirlinesLogo/QS.png]
[www.fareobuddy.com/Content/images/AirlinesLogo/7O.png]
[www.fareobuddy.com/Content/images/AirlinesLogo/6J.png]
[www.fareobuddy.com/Content/images/AirlinesLogo/IE.png]
[www.fareobuddy.com/Content/images/AirlinesLogo/SZ.png]
[www.fareobuddy.com/Content/images/AirlinesLogo/SA.png]
[www.fareobuddy.com/Content/images/AirlinesLogo/9X.png]
[www.fareobuddy.com/Content/images/AirlinesLogo/WN.png]
[www.fareobuddy.com/Content/images/AirlinesLogo/SG.png]
[www.fareobuddy.com/Content/images/AirlinesLogo/NK.png]
[www.fareobuddy.com/Content/images/AirlinesLogo/9C.png]
[www.fareobuddy.com/Content/images/AirlinesLogo/UL.png]
[www.fareobuddy.com/Content/images/AirlinesLogo/SJ.png]
[www.fareobuddy.com/Content/images/AirlinesLogo/PV.png]
[www.fareobuddy.com/Content/images/AirlinesLogo/2I.png]
[www.fareobuddy.com/Content/images/AirlinesLogo/7G.png]
[www.fareobuddy.com/Content/images/AirlinesLogo/JX.png]
[www.fareobuddy.com/Content/images/AirlinesLogo/EZ.png]
[www.fareobuddy.com/Content/images/AirlinesLogo/SY.png]
[www.fareobuddy.com/Content/images/AirlinesLogo/2U.png]
[www.fareobuddy.com/Content/images/AirlinesLogo/DK.png]
[www.fareobuddy.com/Content/images/AirlinesLogo/XQ.png]
[www.fareobuddy.com/Content/images/AirlinesLogo/S6.png]
[www.fareobuddy.com/Content/images/AirlinesLogo/WG.png]
[www.fareobuddy.com/Content/images/AirlinesLogo/PY.png]
[www.fareobuddy.com/Content/images/AirlinesLogo/LX.png]
[www.fareobuddy.com/Content/images/AirlinesLogo/WO.png]
[www.fareobuddy.com/Content/images/AirlinesLogo/7E.png]
[www.fareobuddy.com/Content/images/AirlinesLogo/RB.png]
[www.fareobuddy.com/Content/images/AirlinesLogo/TW.png]
[www.fareobuddy.com/Content/images/AirlinesLogo/DT.png]
[www.fareobuddy.com/Content/images/AirlinesLogo/TA.png]
[www.fareobuddy.com/Content/images/AirlinesLogo/TP.png]
[www.fareobuddy.com/Content/images/AirlinesLogo/RO.png]
[www.fareobuddy.com/Content/images/AirlinesLogo/FD.png]
[www.fareobuddy.com/Content/images/AirlinesLogo/XJ.png]
[www.fareobuddy.com/Content/images/AirlinesLogo/TG.png]
[www.fareobuddy.com/Content/images/AirlinesLogo/SL.png]
[www.fareobuddy.com/Content/images/AirlinesLogo/WE.png]
[www.fareobuddy.com/Content/images/AirlinesLogo/VZ.png]
[www.fareobuddy.com/Content/images/AirlinesLogo/2H.png]
[www.fareobuddy.com/Content/images/AirlinesLogo/GS.png]
[www.fareobuddy.com/Content/images/AirlinesLogo/TV.png]
[www.fareobuddy.com/Content/images/AirlinesLogo/Q8.png]
[www.fareobuddy.com/Content/images/AirlinesLogo/HV.png]
[www.fareobuddy.com/Content/images/AirlinesLogo/TO.png]
[www.fareobuddy.com/Content/images/AirlinesLogo/5U.png]
[www.fareobuddy.com/Content/images/AirlinesLogo/9N.png]
[www.fareobuddy.com/Content/images/AirlinesLogo/BY.png]
[www.fareobuddy.com/Content/images/AirlinesLogo/TB.png]
[www.fareobuddy.com/Content/images/AirlinesLogo/6B3.png]
[www.fareobuddy.com/Content/images/AirlinesLogo/6B2.png]
[www.fareobuddy.com/Content/images/AirlinesLogo/OR.png]
[www.fareobuddy.com/Content/images/AirlinesLogo/6B4.png]
[www.fareobuddy.com/Content/images/AirlinesLogo/6B1.png]
[www.fareobuddy.com/Content/images/AirlinesLogo/X3.png]
[www.fareobuddy.com/Content/images/AirlinesLogo/6B.png]
[www.fareobuddy.com/Content/images/AirlinesLogo/TU.png]
[www.fareobuddy.com/Content/images/AirlinesLogo/UG.png]
[www.fareobuddy.com/Content/images/AirlinesLogo/TK.png]
[www.fareobuddy.com/Content/images/AirlinesLogo/T5.png]
[www.fareobuddy.com/Content/images/AirlinesLogo/U8.png]
[www.fareobuddy.com/Content/images/AirlinesLogo/T7.png]
[www.fareobuddy.com/Content/images/AirlinesLogo/UR.png]
[www.fareobuddy.com/Content/images/AirlinesLogo/PS.png]
[www.fareobuddy.com/Content/images/AirlinesLogo/B7.png]
[www.fareobuddy.com/Content/images/AirlinesLogo/UA.png]
[www.fareobuddy.com/Content/images/AirlinesLogo/U6.png]
[www.fareobuddy.com/Content/images/AirlinesLogo/UQ.png]
[www.fareobuddy.com/Content/images/AirlinesLogo/BS.png]
[www.fareobuddy.com/Content/images/AirlinesLogo/UT.png]
[www.fareobuddy.com/Content/images/AirlinesLogo/HY.png]
[www.fareobuddy.com/Content/images/AirlinesLogo/V4.png]
[www.fareobuddy.com/Content/images/AirlinesLogo/VJ.png]
[www.fareobuddy.com/Content/images/AirlinesLogo/0V.png]
[www.fareobuddy.com/Content/images/AirlinesLogo/VN.png]
[www.fareobuddy.com/Content/images/AirlinesLogo/VG.png]
[www.fareobuddy.com/Content/images/AirlinesLogo/VS.png]
[www.fareobuddy.com/Content/images/AirlinesLogo/VA.png]
[www.fareobuddy.com/Content/images/AirlinesLogo/UK.png]
[www.fareobuddy.com/Content/images/AirlinesLogo/VH.png]
[www.fareobuddy.com/Content/images/AirlinesLogo/VV.png]
[www.fareobuddy.com/Content/images/AirlinesLogo/VB.png]
[www.fareobuddy.com/Content/images/AirlinesLogo/2Z.png]
[www.fareobuddy.com/Content/images/AirlinesLogo/Y4.png]
[www.fareobuddy.com/Content/images/AirlinesLogo/V7.png]
[www.fareobuddy.com/Content/images/AirlinesLogo/VY.png]
[www.fareobuddy.com/Content/images/AirlinesLogo/EB.png]
[www.fareobuddy.com/Content/images/AirlinesLogo/PN.png]
[www.fareobuddy.com/Content/images/AirlinesLogo/WS.png]
[www.fareobuddy.com/Content/images/AirlinesLogo/WF.png]
[www.fareobuddy.com/Content/images/AirlinesLogo/WM.png]
[www.fareobuddy.com/Content/images/AirlinesLogo/7W.png]
[www.fareobuddy.com/Content/images/AirlinesLogo/IW.png]
[www.fareobuddy.com/Content/images/AirlinesLogo/W9.png]
[www.fareobuddy.com/Content/images/AirlinesLogo/W6.png]
[www.fareobuddy.com/Content/images/AirlinesLogo/8V.png]
[www.fareobuddy.com/Content/images/AirlinesLogo/MF.png]
[www.fareobuddy.com/Content/images/AirlinesLogo/YC.png]
[www.fareobuddy.com/Content/images/AirlinesLogo/YT.png]
[www.fareobuddy.com/Content/images/AirlinesLogo/ZG.png]
[www.fareobuddy.com/baggage-policy.html]
[www.fareobuddy.com/Content/css/m.travel-advisory.css]
[www.fareobuddy.com/Content/images/Advisory/cdcImg1.png]
[www.fareobuddy.com/Content/images/Advisory/cdcImg2.png]
[www.fareobuddy.com/Content/images/Advisory/int-product1.jpg]
[www.fareobuddy.com/Content/images/Advisory/int-product2.jpg]
[www.fareobuddy.com/Content/images/Advisory/int-product3.jpg]
[www.fareobuddy.com/Content/images/Advisory/dom-product1.jpg]
[www.fareobuddy.com/Content/images/Advisory/dom-product2.jpg]
[www.fareobuddy.com/Content/images/Advisory/dom-product3.jpg]
[www.fareobuddy.com/Content/images/safty-icon1.png]
[www.fareobuddy.com/Content/images/safty-icon2.png]
[www.fareobuddy.com/Content/images/safty-icon3.png]
[www.fareobuddy.com/Content/images/safty-icon4.png]
[www.fareobuddy.com/Content/images/safty-icon5.png]
[www.fareobuddy.com/Content/images/safty-icon6.png]
[www.fareobuddy.com/Content/images/safty-icon7.png]
[www.fareobuddy.com/Content/images/safty-icon8.png]
[www.fareobuddy.com/Content/images/Advisory/requirement.jpg]
[www.fareobuddy.com/traveladvisory.html]
[www.fareobuddy.com/sitemap.html]
[www.fareobuddy.com/terms-and-conditions.html]
[www.fareobuddy.com/privacy-policy.html]
[www.fareobuddy.com/price-match-policy.html]
[www.fareobuddy.com/taxes-and-fee.html]
[www.fareobuddy.com/post-ticketing-fees.html]
[www.fareobuddy.com/cookies.html]
[fonts.googleapis.com/css718d.css]
[www.fareobuddy.com/Content/images/phone-icon.png]
[www.fareobuddy.com/Content/images/unmr-imgs.png]
[www.fareobuddy.com/unaccompanied-minor.html]
[widget.trustpilot.com/bootstrap/v5/tp.widget.bootstrap.min.js]
[www.fareobuddy.com/GET.html]
[www.fareobuddy.com/Content/css/m.destination-and-airline68be.css]
[www.fareobuddy.com/Content/css/m.destinationSearchWidget68be.css]
[www.fareobuddy.com/Content/css/m.contact68be.css]
[www.fareobuddy.com/Content/css/listnav.css]
[www.fareobuddy.com/Content/css/m.travel-advisory.css]
